// Jest Snapshot v1, https://goo.gl/fbAQLP

exports[`should test the 'caretColor' plugin 1`] = `
"
.caret-\\[\\#0088cc\\] {
  caret-color: #08c;
}

.caret-\\[var\\(--my-value\\)\\] {
  caret-color: var(--my-value);
}

.caret-black {
  caret-color: #000;
}

.caret-black\\/0 {
  caret-color: #0000;
}

.caret-black\\/50 {
  caret-color: #00000080;
}

.caret-red-100 {
  caret-color: red;
}

.caret-red-100\\/0 {
  caret-color: #f000;
}

.caret-red-100\\/50 {
  caret-color: #ff000080;
}

.caret-red-200 {
  caret-color: red;
}

.caret-red-200\\/0 {
  caret-color: #f000;
}

.caret-red-200\\/50 {
  caret-color: #ff000080;
}

.caret-transparent, .caret-transparent\\/0 {
  caret-color: #0000;
}

.caret-transparent\\/50 {
  caret-color: #00000080;
}
"
`;
