// Jest Snapshot v1, https://goo.gl/fbAQLP

exports[`apply generates source maps 1`] = `
Array [
  "2:4 -> 2:4",
  "3:6-27 -> 3:6-27",
  "4:6-33 -> 4:6-18",
  "4:6-33 -> 5:6-17",
  "4:6-33 -> 6:6-24",
  "4:6-33 -> 7:6-61",
  "5:4 -> 8:4",
  "7:4 -> 10:4",
  "8:6-39 -> 11:6-39",
  "9:6-31 -> 12:6-18",
  "9:6-31 -> 13:6-17",
  "9:6-31 -> 14:6-24",
  "9:6-31 -> 15:6-61",
  "10:4 -> 16:4",
  "13:6 -> 18:4",
  "13:6-29 -> 19:6-18",
  "13:6-29 -> 20:6-17",
  "13:6-29 -> 21:6-24",
  "13:6 -> 22:6",
  "13:29 -> 23:0",
]
`;

exports[`components have source maps 1`] = `
Array [
  "2:4 -> 1:0",
  "2:4 -> 2:4",
  "2:24 -> 3:0",
  "2:4 -> 4:0",
  "2:4 -> 5:4",
  "2:4 -> 6:8",
  "2:24 -> 7:4",
  "2:24 -> 8:0",
  "2:4 -> 9:0",
  "2:4 -> 10:4",
  "2:4 -> 11:8",
  "2:24 -> 12:4",
  "2:24 -> 13:0",
  "2:4 -> 14:0",
  "2:4 -> 15:4",
  "2:4 -> 16:8",
  "2:24 -> 17:4",
  "2:24 -> 18:0",
  "2:4 -> 19:0",
  "2:4 -> 20:4",
  "2:4 -> 21:8",
  "2:24 -> 22:4",
  "2:24 -> 23:0",
  "2:4 -> 24:0",
  "2:4 -> 25:4",
  "2:4 -> 26:8",
  "2:24 -> 27:4",
  "2:24 -> 28:0",
]
`;

exports[`preflight + base have source maps 1`] = `
Array [
  "2:4 -> 1:0",
  "2:18-4 -> 3:1-2",
  "2:18 -> 6:1",
  "2:4 -> 8:0",
  "2:4-18 -> 11:2-32",
  "2:4-18 -> 12:2-25",
  "2:4-18 -> 13:2-29",
  "2:4-18 -> 14:2-31",
  "2:18 -> 15:0",
  "2:4 -> 17:0",
  "2:4-18 -> 19:2-18",
  "2:18 -> 20:0",
  "2:4 -> 22:0",
  "2:18 -> 29:1",
  "2:4 -> 31:0",
  "2:4-18 -> 32:2-26",
  "2:4-18 -> 33:2-40",
  "2:4-18 -> 34:2-26",
  "2:4-18 -> 35:2-21",
  "2:4-18 -> 36:2-230",
  "2:4-18 -> 37:2-39",
  "2:4-18 -> 38:2-41",
  "2:18 -> 39:0",
  "2:4 -> 41:0",
  "2:18 -> 44:1",
  "2:4 -> 46:0",
  "2:4-18 -> 47:2-19",
  "2:4-18 -> 48:2-30",
  "2:18 -> 49:0",
  "2:4 -> 51:0",
  "2:18 -> 55:1",
  "2:4 -> 57:0",
  "2:4-18 -> 58:2-19",
  "2:4-18 -> 59:2-24",
  "2:4-18 -> 60:2-31",
  "2:18 -> 61:0",
  "2:4 -> 63:0",
  "2:18 -> 65:1",
  "2:4 -> 67:0",
  "2:4-18 -> 68:2-35",
  "2:18 -> 69:0",
  "2:4 -> 71:0",
  "2:18 -> 73:1",
  "2:4 -> 75:0",
  "2:4-18 -> 81:2-20",
  "2:4-18 -> 82:2-22",
  "2:18 -> 83:0",
  "2:4 -> 85:0",
  "2:18 -> 87:1",
  "2:4 -> 89:0",
  "2:4-18 -> 90:2-16",
  "2:4-18 -> 91:2-26",
  "2:18 -> 92:0",
  "2:4 -> 94:0",
  "2:18 -> 96:1",
  "2:4 -> 98:0",
  "2:4-18 -> 100:2-21",
  "2:18 -> 101:0",
  "2:4 -> 103:0",
  "2:18 -> 106:1",
  "2:4 -> 108:0",
  "2:4-18 -> 112:2-121",
  "2:4-18 -> 113:2-24",
  "2:18 -> 114:0",
  "2:4 -> 116:0",
  "2:18 -> 118:1",
  "2:4 -> 120:0",
  "2:4-18 -> 121:2-16",
  "2:18 -> 122:0",
  "2:4 -> 124:0",
  "2:18 -> 126:1",
  "2:4 -> 128:0",
  "2:4-18 -> 130:2-16",
  "2:4-18 -> 131:2-16",
  "2:4-18 -> 132:2-20",
  "2:4-18 -> 133:2-26",
  "2:18 -> 134:0",
  "2:4 -> 136:0",
  "2:4-18 -> 137:2-17",
  "2:18 -> 138:0",
  "2:4 -> 140:0",
  "2:4-18 -> 141:2-13",
  "2:18 -> 142:0",
  "2:4 -> 144:0",
  "2:18 -> 148:1",
  "2:4 -> 150:0",
  "2:4-18 -> 151:2-24",
  "2:4-18 -> 152:2-31",
  "2:4-18 -> 153:2-35",
  "2:18 -> 154:0",
  "2:4 -> 156:0",
  "2:18 -> 160:1",
  "2:4 -> 162:0",
  "2:4-18 -> 167:2-30",
  "2:4-18 -> 168:2-25",
  "2:4-18 -> 169:2-30",
  "2:4-18 -> 170:2-30",
  "2:4-18 -> 171:2-24",
  "2:4-18 -> 172:2-19",
  "2:4-18 -> 173:2-20",
  "2:18 -> 174:0",
  "2:4 -> 176:0",
  "2:18 -> 178:1",
  "2:4 -> 180:0",
  "2:4-18 -> 182:2-22",
  "2:18 -> 183:0",
  "2:4 -> 185:0",
  "2:18 -> 188:1",
  "2:4 -> 190:0",
  "2:4-18 -> 194:2-36",
  "2:4-18 -> 195:2-39",
  "2:4-18 -> 196:2-32",
  "2:18 -> 197:0",
  "2:4 -> 199:0",
  "2:18 -> 201:1",
  "2:4 -> 203:0",
  "2:4-18 -> 204:2-15",
  "2:18 -> 205:0",
  "2:4 -> 207:0",
  "2:18 -> 209:1",
  "2:4 -> 211:0",
  "2:4-18 -> 212:2-18",
  "2:18 -> 213:0",
  "2:4 -> 215:0",
  "2:18 -> 217:1",
  "2:4 -> 219:0",
  "2:4-18 -> 220:2-26",
  "2:18 -> 221:0",
  "2:4 -> 223:0",
  "2:18 -> 225:1",
  "2:4 -> 227:0",
  "2:4-18 -> 229:2-14",
  "2:18 -> 230:0",
  "2:4 -> 232:0",
  "2:18 -> 235:1",
  "2:4 -> 237:0",
  "2:4-18 -> 238:2-39",
  "2:4-18 -> 239:2-30",
  "2:18 -> 240:0",
  "2:4 -> 242:0",
  "2:18 -> 244:1",
  "2:4 -> 246:0",
  "2:4-18 -> 247:2-26",
  "2:18 -> 248:0",
  "2:4 -> 250:0",
  "2:18 -> 253:1",
  "2:4 -> 255:0",
  "2:4-18 -> 256:2-36",
  "2:4-18 -> 257:2-23",
  "2:18 -> 258:0",
  "2:4 -> 260:0",
  "2:18 -> 262:1",
  "2:4 -> 264:0",
  "2:4-18 -> 265:2-20",
  "2:18 -> 266:0",
  "2:4 -> 268:0",
  "2:18 -> 270:1",
  "2:4 -> 272:0",
  "2:4-18 -> 285:2-11",
  "2:18 -> 286:0",
  "2:4 -> 288:0",
  "2:4-18 -> 289:2-11",
  "2:4-18 -> 290:2-12",
  "2:18 -> 291:0",
  "2:4 -> 293:0",
  "2:4-18 -> 294:2-12",
  "2:18 -> 295:0",
  "2:4 -> 297:0",
  "2:4-18 -> 300:2-18",
  "2:4-18 -> 301:2-11",
  "2:4-18 -> 302:2-12",
  "2:18 -> 303:0",
  "2:4 -> 305:0",
  "2:18 -> 307:1",
  "2:4 -> 309:0",
  "2:4-18 -> 310:2-18",
  "2:18 -> 311:0",
  "2:4 -> 313:0",
  "2:18 -> 316:1",
  "2:4 -> 318:0",
  "2:4-18 -> 320:2-20",
  "2:4-18 -> 321:2-24",
  "2:18 -> 322:0",
  "2:4 -> 324:0",
  "2:18 -> 326:1",
  "2:4 -> 328:0",
  "2:4-18 -> 330:2-17",
  "2:18 -> 331:0",
  "2:4 -> 333:0",
  "2:18 -> 335:1",
  "2:4 -> 336:0",
  "2:4-18 -> 337:2-17",
  "2:18 -> 338:0",
  "2:4 -> 340:0",
  "2:18 -> 344:1",
  "2:4 -> 346:0",
  "2:4-18 -> 354:2-24",
  "2:4-18 -> 355:2-32",
  "2:18 -> 356:0",
  "2:4 -> 358:0",
  "2:18 -> 360:1",
  "2:4 -> 362:0",
  "2:4-18 -> 364:2-17",
  "2:4-18 -> 365:2-14",
  "2:18 -> 366:0",
  "2:4-18 -> 368:0-72",
  "2:4 -> 369:0",
  "2:4-18 -> 370:2-15",
  "2:18 -> 371:0",
  "2:4 -> 373:0",
  "2:4-18 -> 374:2-26",
  "2:4-18 -> 375:2-26",
  "2:4-18 -> 376:2-21",
  "2:4-18 -> 377:2-21",
  "2:4-18 -> 378:2-16",
  "2:4-18 -> 379:2-16",
  "2:4-18 -> 380:2-16",
  "2:4-18 -> 381:2-17",
  "2:4-18 -> 382:2-17",
  "2:4-18 -> 383:2-15",
  "2:4-18 -> 384:2-15",
  "2:4-18 -> 385:2-20",
  "2:4-18 -> 386:2-40",
  "2:4-18 -> 387:2-17",
  "2:4-18 -> 388:2-22",
  "2:4-18 -> 389:2-24",
  "2:4-18 -> 390:2-25",
  "2:4-18 -> 391:2-26",
  "2:4-18 -> 392:2-20",
  "2:4-18 -> 393:2-29",
  "2:4-18 -> 394:2-30",
  "2:4-18 -> 395:2-40",
  "2:4-18 -> 396:2-36",
  "2:4-18 -> 397:2-29",
  "2:4-18 -> 398:2-24",
  "2:4-18 -> 399:2-32",
  "2:4-18 -> 400:2-14",
  "2:4-18 -> 401:2-20",
  "2:4-18 -> 402:2-18",
  "2:4-18 -> 403:2-19",
  "2:4-18 -> 404:2-20",
  "2:4-18 -> 405:2-16",
  "2:4-18 -> 406:2-18",
  "2:4-18 -> 407:2-15",
  "2:4-18 -> 408:2-21",
  "2:4-18 -> 409:2-23",
  "2:4-18 -> 410:2-29",
  "2:4-18 -> 411:2-27",
  "2:4-18 -> 412:2-28",
  "2:4-18 -> 413:2-29",
  "2:4-18 -> 414:2-25",
  "2:4-18 -> 415:2-26",
  "2:4-18 -> 416:2-27",
  "2:4 -> 417:2",
  "2:18 -> 418:0",
  "2:4 -> 420:0",
  "2:4-18 -> 421:2-26",
  "2:4-18 -> 422:2-26",
  "2:4-18 -> 423:2-21",
  "2:4-18 -> 424:2-21",
  "2:4-18 -> 425:2-16",
  "2:4-18 -> 426:2-16",
  "2:4-18 -> 427:2-16",
  "2:4-18 -> 428:2-17",
  "2:4-18 -> 429:2-17",
  "2:4-18 -> 430:2-15",
  "2:4-18 -> 431:2-15",
  "2:4-18 -> 432:2-20",
  "2:4-18 -> 433:2-40",
  "2:4-18 -> 434:2-17",
  "2:4-18 -> 435:2-22",
  "2:4-18 -> 436:2-24",
  "2:4-18 -> 437:2-25",
  "2:4-18 -> 438:2-26",
  "2:4-18 -> 439:2-20",
  "2:4-18 -> 440:2-29",
  "2:4-18 -> 441:2-30",
  "2:4-18 -> 442:2-40",
  "2:4-18 -> 443:2-36",
  "2:4-18 -> 444:2-29",
  "2:4-18 -> 445:2-24",
  "2:4-18 -> 446:2-32",
  "2:4-18 -> 447:2-14",
  "2:4-18 -> 448:2-20",
  "2:4-18 -> 449:2-18",
  "2:4-18 -> 450:2-19",
  "2:4-18 -> 451:2-20",
  "2:4-18 -> 452:2-16",
  "2:4-18 -> 453:2-18",
  "2:4-18 -> 454:2-15",
  "2:4-18 -> 455:2-21",
  "2:4-18 -> 456:2-23",
  "2:4-18 -> 457:2-29",
  "2:4-18 -> 458:2-27",
  "2:4-18 -> 459:2-28",
  "2:4-18 -> 460:2-29",
  "2:4-18 -> 461:2-25",
  "2:4-18 -> 462:2-26",
  "2:4-18 -> 463:2-27",
  "2:4 -> 464:2",
  "2:18 -> 465:0",
]
`;

exports[`source maps for layer rules are not rewritten to point to @tailwind directives 1`] = `
Array [
  "2:6 -> 1:0",
  "2:6 -> 2:10",
  "2:25 -> 3:0",
  "3:8 -> 4:8",
  "4:10-31 -> 5:10-31",
  "5:8 -> 6:8",
  "3:8 -> 7:8",
  "4:10-31 -> 8:10-31",
  "5:8 -> 9:8",
]
`;
