// Jest Snapshot v1, https://goo.gl/fbAQLP

exports[`should test the 'directionVariants' plugin 1`] = `
"
.ltr\\:flex:where([dir="ltr"], [dir="ltr"] *), .rtl\\:flex:where([dir="rtl"], [dir="rtl"] *) {
  display: flex;
}
"
`;
