// Jest Snapshot v1, https://goo.gl/fbAQLP

exports[`should test the 'startingStyleVariant' plugin 1`] = `
"
@starting-style {
  .starting\\:flex {
    display: flex;
  }
}
"
`;
